2026-09-25 08:53:47,635 - DataIngestion - INFO - Starting KDR Data Ingestion Pipeline
2026-09-25 08:53:47,635 - DataIngestion - INFO - Log file: /Users/emericle/src/slop_factory/kdr/logs/kdr_20260925_085347.log
2026-09-25 08:53:47,674 - DataIngestion - INFO - Initializing database...
2026-09-25 08:53:47,675 - src.database - INFO - Initialising database tables...
2026-09-25 08:53:47,858 - src.database - INFO - Database initialized successfully.
2026-09-25 08:53:47,859 - DataIngestion - INFO - Database initialization complete: Engine(postgresql://slop:***@pinky.local:5432/trading_db)
2026-09-25 08:53:47,859 - DataIngestion - INFO - DB Writer Worker started.
2026-09-25 08:53:47,859 - DataIngestion - INFO - Domain state mapper attached for data transformation
2026-09-25 08:53:47,859 - DataIngestion - INFO - Producer and Consumer threads initialized.
2026-09-25 08:53:47,859 - DataIngestion - INFO - Data pipeline ready: Alpaca → Adapter → Domain State → DB
2026-09-25 08:53:47,859 - WebServer - INFO - Real-time Trading Dashboard active at http://localhost:8001
2026-09-25 08:53:47,859 - DataIngestion - INFO - Real-time Dashboard available at: http://localhost:8001
2026-09-25 08:53:47,860 - DataIngestion - INFO - Alpaca Stream Processor started.
2026-09-25 08:53:47,860 - DataIngestion - INFO - State mapper initialized for domain state mapping
2026-09-25 08:53:47,882 - WebServer - INFO - WebSocket broadcast loop started (1.0s interval)
/Users/emericle/src/slop_factory/kdr/.venv/lib/python3.14/site-packages/alpaca_trade_api/entity.py:147: UserWarning: The 'unit' keyword is only used when the Timestamp input is an integer or float, not str. To specify the storage unit of the output use `ts.as_unit(unit)`
  return pd.Timestamp(val, tz=NY, unit=self._unit)
2026-09-25 08:53:48,115 - DataIngestion - WARNING - Error normalizing payload: type object 'datetime.datetime' has no attribute 'datetime'
2026-09-25 08:53:48,117 - DataIngestion - INFO - Running in continuous mode for symbols: ['AAPL', 'TSLA', 'BTC']. Press Ctrl+C to stop.
2026-09-25 08:53:48,117 - alpaca_trade_api.stream - INFO - started stock data stream
2026-09-25 08:53:48,117 - alpaca_trade_api.stream - INFO - starting stock data websocket connection
2026-09-25 08:53:48,119 - alpaca_trade_api.stream - INFO - started crypto data stream
2026-09-25 08:53:48,119 - alpaca_trade_api.stream - INFO - starting crypto data websocket connection
2026-09-25 08:53:48,470 - alpaca_trade_api.stream - INFO - connected to: wss://stream.data.alpaca.markets/v2/iex
2026-09-25 08:53:48,470 - alpaca_trade_api.stream - INFO - connected to: wss://stream.data.alpaca.markets/v1beta3/crypto/us
2026-09-25 08:53:48,543 - alpaca_trade_api.stream - INFO - subscribed to trades: ['BTC/USD'], quotes: [], bars: ['BTC/USD'], updatedBars: [], dailyBars: [], orderbooks: []
2026-09-25 08:53:48,544 - alpaca_trade_api.stream - INFO - subscribed to trades: ['AAPL', 'TSLA'], quotes: [], bars: ['AAPL', 'TSLA'], updatedBars: [], dailyBars: [], statuses: [], lulds: [], cancelErrors: ['AAPL', 'TSLA'], corrections: ['AAPL', 'TSLA']
2026-09-25 08:53:49,331 - DataIngestion - WARNING - Error normalizing payload: type object 'datetime.datetime' has no attribute 'datetime'
2026-09-25 08:53:49,335 - DataIngestion - WARNING - Error normalizing payload: type object 'datetime.datetime' has no attribute 'datetime'
2026-09-25 08:53:49,899 - DataIngestion - WARNING - Error normalizing payload: type object 'datetime.datetime' has no attribute 'datetime'
2026-09-25 08:53:49,943 - DataIngestion - WARNING - Error normalizing payload: type object 'datetime.datetime' has no attribute 'datetime'
2026-09-25 08:53:49,977 - DataIngestion - WARNING - Error normalizing payload: type object 'datetime.datetime' has no attribute 'datetime'
2026-09-25 08:53:50,441 - DataIngestion - WARNING - Error normalizing payload: type object 'datetime.datetime' has no attribute 'datetime'
2026-09-25 08:53:50,683 - DataIngestion - WARNING - Error normalizing payload: type object 'datetime.datetime' has no attribute 'datetime'
2026-09-25 08:53:50,686 - DataIngestion - WARNING - Error normalizing payload: type object 'datetime.datetime' has no attribute 'datetime'
2026-09-25 08:53:51,321 - DataIngestion - WARNING - Error normalizing payload: type object 'datetime.datetime' has no attribute 'datetime'
2026-09-25 08:53:52,238 - DataIngestion - WARNING - Error normalizing payload: type object 'datetime.datetime' has no attribute 'datetime'
2026-09-25 08:53:52,922 - DataIngestion - WARNING - Error normalizing payload: type object 'datetime.datetime' has no attribute 'datetime'
2026-09-25 08:53:55,711 - DataIngestion - WARNING - Error normalizing payload: type object 'datetime.datetime' has no attribute 'datetime'
2026-09-25 08:53:56,048 - DataIngestion - WARNING - Error normalizing payload: type object 'datetime.datetime' has no attribute 'datetime'
2026-09-25 08:53:56,266 - DataIngestion - WARNING - Error normalizing payload: type object 'datetime.datetime' has no attribute 'datetime'
2026-09-25 08:53:58,666 - DataIngestion - WARNING - Error normalizing payload: type object 'datetime.datetime' has no attribute 'datetime'
2026-09-25 08:54:00,041 - DataIngestion - WARNING - Error normalizing payload: type object 'datetime.datetime' has no attribute 'datetime'
2026-09-25 08:54:00,266 - DataIngestion - WARNING - Error normalizing payload: type object 'datetime.datetime' has no attribute 'datetime'
2026-09-25 08:54:00,270 - DataIngestion - WARNING - Error normalizing payload: type object 'datetime.datetime' has no attribute 'datetime'
2026-09-25 08:54:02,055 - DataIngestion - WARNING - Error normalizing payload: type object 'datetime.datetime' has no attribute 'datetime'
2026-09-25 08:54:02,080 - DataIngestion - WARNING - Error normalizing payload: type object 'datetime.datetime' has no attribute 'datetime'
2026-09-25 08:54:03,381 - DataIngestion - WARNING - Error normalizing payload: type object 'datetime.datetime' has no attribute 'datetime'
2026-09-25 08:54:05,505 - DataIngestion - WARNING - Error normalizing payload: type object 'datetime.datetime' has no attribute 'datetime'
2026-09-25 08:54:08,698 - DataIngestion - WARNING - Error normalizing payload: type object 'datetime.datetime' has no attribute 'datetime'
2026-09-25 08:54:08,709 - DataIngestion - WARNING - Error normalizing payload: type object 'datetime.datetime' has no attribute 'datetime'
2026-09-25 08:54:09,589 - DataIngestion - WARNING - Error normalizing payload: type object 'datetime.datetime' has no attribute 'datetime'
2026-09-25 08:54:10,332 - DataIngestion - WARNING - Error normalizing payload: type object 'datetime.datetime' has no attribute 'datetime'
2026-09-25 08:54:10,332 - DataIngestion - WARNING - Error normalizing payload: type object 'datetime.datetime' has no attribute 'datetime'
2026-09-25 08:54:10,364 - DataIngestion - WARNING - Error normalizing payload: type object 'datetime.datetime' has no attribute 'datetime'
2026-09-25 08:54:10,365 - DataIngestion - WARNING - Error normalizing payload: type object 'datetime.datetime' has no attribute 'datetime'
2026-09-25 08:54:10,560 - DataIngestion - WARNING - Error normalizing payload: type object 'datetime.datetime' has no attribute 'datetime'
2026-09-25 08:54:10,715 - DataIngestion - WARNING - Error normalizing payload: type object 'datetime.datetime' has no attribute 'datetime'
2026-09-25 08:54:10,724 - DataIngestion - WARNING - Error normalizing payload: type object 'datetime.datetime' has no attribute 'datetime'
2026-09-25 08:54:11,012 - DataIngestion - WARNING - Error normalizing payload: type object 'datetime.datetime' has no attribute 'datetime'
2026-09-25 08:54:11,079 - DataIngestion - WARNING - Error normalizing payload: type object 'datetime.datetime' has no attribute 'datetime'
2026-09-25 08:54:11,462 - DataIngestion - WARNING - Error normalizing payload: type object 'datetime.datetime' has no attribute 'datetime'
2026-09-25 08:54:11,517 - DataIngestion - WARNING - Error normalizing payload: type object 'datetime.datetime' has no attribute 'datetime'
2026-09-25 08:54:12,218 - DataIngestion - WARNING - Error normalizing payload: type object 'datetime.datetime' has no attribute 'datetime'
2026-09-25 08:54:12,650 - DataIngestion - WARNING - Error normalizing payload: type object 'datetime.datetime' has no attribute 'datetime'
2026-09-25 08:54:12,951 - DataIngestion - WARNING - Error normalizing payload: type object 'datetime.datetime' has no attribute 'datetime'
2026-09-25 08:54:13,151 - DataIngestion - WARNING - Error normalizing payload: type object 'datetime.datetime' has no attribute 'datetime'
2026-09-25 08:54:13,246 - DataIngestion - WARNING - Error normalizing payload: type object 'datetime.datetime' has no attribute 'datetime'
2026-09-25 08:54:13,247 - DataIngestion - WARNING - Error normalizing payload: type object 'datetime.datetime' has no attribute 'datetime'
2026-09-25 08:54:13,577 - DataIngestion - WARNING - Error normalizing payload: type object 'datetime.datetime' has no attribute 'datetime'
2026-09-25 08:54:13,758 - DataIngestion - WARNING - Error normalizing payload: type object 'datetime.datetime' has no attribute 'datetime'
2026-09-25 08:54:13,768 - DataIngestion - WARNING - Error normalizing payload: type object 'datetime.datetime' has no attribute 'datetime'
2026-09-25 08:54:13,838 - DataIngestion - WARNING - Error normalizing payload: type object 'datetime.datetime' has no attribute 'datetime'
2026-09-25 08:54:13,934 - DataIngestion - WARNING - Error normalizing payload: type object 'datetime.datetime' has no attribute 'datetime'
2026-09-25 08:54:13,957 - DataIngestion - WARNING - Error normalizing payload: type object 'datetime.datetime' has no attribute 'datetime'
2026-09-25 08:54:14,008 - DataIngestion - WARNING - Error normalizing payload: type object 'datetime.datetime' has no attribute 'datetime'
2026-09-25 08:54:15,009 - DataIngestion - WARNING - Error normalizing payload: type object 'datetime.datetime' has no attribute 'datetime'
2026-09-25 08:54:15,653 - DataIngestion - WARNING - Error normalizing payload: type object 'datetime.datetime' has no attribute 'datetime'
2026-09-25 08:54:15,660 - DataIngestion - WARNING - Error normalizing payload: type object 'datetime.datetime' has no attribute 'datetime'
2026-09-25 08:54:15,731 - DataIngestion - WARNING - Error normalizing payload: type object 'datetime.datetime' has no attribute 'datetime'
2026-09-25 08:54:15,736 - DataIngestion - WARNING - Error normalizing payload: type object 'datetime.datetime' has no attribute 'datetime'
2026-09-25 08:54:16,946 - DataIngestion - WARNING - Error normalizing payload: type object 'datetime.datetime' has no attribute 'datetime'
2026-09-25 08:54:17,361 - DataIngestion - WARNING - Error normalizing payload: type object 'datetime.datetime' has no attribute 'datetime'
2026-09-25 08:54:17,995 - DataIngestion - WARNING - Error normalizing payload: type object 'datetime.datetime' has no attribute 'datetime'
2026-09-25 08:54:18,542 - DataIngestion - WARNING - Error normalizing payload: type object 'datetime.datetime' has no attribute 'datetime'
2026-09-25 08:54:18,550 - DataIngestion - WARNING - Error normalizing payload: type object 'datetime.datetime' has no attribute 'datetime'
2026-09-25 08:54:18,643 - DataIngestion - WARNING - Error normalizing payload: type object 'datetime.datetime' has no attribute 'datetime'
2026-09-25 08:54:18,668 - DataIngestion - WARNING - Error normalizing payload: type object 'datetime.datetime' has no attribute 'datetime'
2026-09-25 08:54:18,668 - DataIngestion - WARNING - Error normalizing payload: type object 'datetime.datetime' has no attribute 'datetime'
2026-09-25 08:54:18,964 - DataIngestion - WARNING - Error normalizing payload: type object 'datetime.datetime' has no attribute 'datetime'
2026-09-25 08:54:19,297 - DataIngestion - WARNING - Error normalizing payload: type object 'datetime.datetime' has no attribute 'datetime'
2026-09-25 08:54:19,363 - DataIngestion - WARNING - Error normalizing payload: type object 'datetime.datetime' has no attribute 'datetime'
2026-09-25 08:54:19,697 - DataIngestion - WARNING - Error normalizing payload: type object 'datetime.datetime' has no attribute 'datetime'
2026-09-25 08:54:22,208 - DataIngestion - WARNING - Error normalizing payload: type object 'datetime.datetime' has no attribute 'datetime'
2026-09-25 08:54:22,401 - DataIngestion - WARNING - Error normalizing payload: type object 'datetime.datetime' has no attribute 'datetime'
2026-09-25 08:54:25,564 - DataIngestion - WARNING - Error normalizing payload: type object 'datetime.datetime' has no attribute 'datetime'
2026-09-25 08:54:26,651 - DataIngestion - WARNING - Error normalizing payload: type object 'datetime.datetime' has no attribute 'datetime'
2026-09-25 08:54:26,997 - DataIngestion - WARNING - Error normalizing payload: type object 'datetime.datetime' has no attribute 'datetime'
2026-09-25 08:54:27,052 - DataIngestion - WARNING - Error normalizing payload: type object 'datetime.datetime' has no attribute 'datetime'
2026-09-25 08:54:30,422 - DataIngestion - WARNING - Error normalizing payload: type object 'datetime.datetime' has no attribute 'datetime'
2026-09-25 08:54:30,984 - DataIngestion - WARNING - Error normalizing payload: type object 'datetime.datetime' has no attribute 'datetime'
2026-09-25 08:54:30,984 - DataIngestion - WARNING - Error normalizing payload: type object 'datetime.datetime' has no attribute 'datetime'
2026-09-25 08:54:31,572 - DataIngestion - WARNING - Error normalizing payload: type object 'datetime.datetime' has no attribute 'datetime'
2026-09-25 08:54:31,572 - DataIngestion - WARNING - Error normalizing payload: type object 'datetime.datetime' has no attribute 'datetime'
2026-09-25 08:54:31,572 - DataIngestion - WARNING - Error normalizing payload: type object 'datetime.datetime' has no attribute 'datetime'
2026-09-25 08:54:31,572 - DataIngestion - WARNING - Error normalizing payload: type object 'datetime.datetime' has no attribute 'datetime'
2026-09-25 08:54:37,478 - DataIngestion - WARNING - Error normalizing payload: type object 'datetime.datetime' has no attribute 'datetime'
2026-09-25 08:54:40,898 - DataIngestion - WARNING - Error normalizing payload: type object 'datetime.datetime' has no attribute 'datetime'
2026-09-25 08:54:42,426 - DataIngestion - WARNING - Error normalizing payload: type object 'datetime.datetime' has no attribute 'datetime'
2026-09-25 08:54:44,536 - DataIngestion - WARNING - Error normalizing payload: type object 'datetime.datetime' has no attribute 'datetime'
2026-09-25 08:54:44,978 - DataIngestion - WARNING - Error normalizing payload: type object 'datetime.datetime' has no attribute 'datetime'
2026-09-25 08:54:45,781 - DataIngestion - WARNING - Error normalizing payload: type object 'datetime.datetime' has no attribute 'datetime'
2026-09-25 08:54:45,791 - DataIngestion - WARNING - Error normalizing payload: type object 'datetime.datetime' has no attribute 'datetime'
2026-09-25 08:54:46,020 - DataIngestion - WARNING - Error normalizing payload: type object 'datetime.datetime' has no attribute 'datetime'
2026-09-25 08:54:46,110 - DataIngestion - WARNING - Error normalizing payload: type object 'datetime.datetime' has no attribute 'datetime'
2026-09-25 08:54:46,110 - DataIngestion - WARNING - Error normalizing payload: type object 'datetime.datetime' has no attribute 'datetime'
2026-09-25 08:54:46,165 - DataIngestion - WARNING - Error normalizing payload: type object 'datetime.datetime' has no attribute 'datetime'
2026-09-25 08:54:46,189 - DataIngestion - WARNING - Error normalizing payload: type object 'datetime.datetime' has no attribute 'datetime'
2026-09-25 08:54:46,545 - DataIngestion - WARNING - Error normalizing payload: type object 'datetime.datetime' has no attribute 'datetime'
2026-09-25 08:54:46,550 - DataIngestion - WARNING - Error normalizing payload: type object 'datetime.datetime' has no attribute 'datetime'
2026-09-25 08:54:46,555 - DataIngestion - WARNING - Error normalizing payload: type object 'datetime.datetime' has no attribute 'datetime'
2026-09-25 08:54:46,568 - DataIngestion - WARNING - Error normalizing payload: type object 'datetime.datetime' has no attribute 'datetime'
2026-09-25 08:54:46,705 - DataIngestion - WARNING - Error normalizing payload: type object 'datetime.datetime' has no attribute 'datetime'
2026-09-25 08:54:46,705 - DataIngestion - WARNING - Error normalizing payload: type object 'datetime.datetime' has no attribute 'datetime'
2026-09-25 08:54:46,760 - DataIngestion - WARNING - Error normalizing payload: type object 'datetime.datetime' has no attribute 'datetime'
2026-09-25 08:54:48,530 - DataIngestion - WARNING - Error normalizing payload: type object 'datetime.datetime' has no attribute 'datetime'
2026-09-25 08:54:48,530 - DataIngestion - WARNING - Error normalizing payload: type object 'datetime.datetime' has no attribute 'datetime'
2026-09-25 08:54:49,902 - DataIngestion - WARNING - Error normalizing payload: type object 'datetime.datetime' has no attribute 'datetime'
2026-09-25 08:54:50,111 - DataIngestion - WARNING - Error normalizing payload: type object 'datetime.datetime' has no attribute 'datetime'
2026-09-25 08:54:50,111 - DataIngestion - WARNING - Error normalizing payload: type object 'datetime.datetime' has no attribute 'datetime'
2026-09-25 08:54:50,111 - DataIngestion - WARNING - Error normalizing payload: type object 'datetime.datetime' has no attribute 'datetime'
2026-09-25 08:54:51,805 - DataIngestion - WARNING - Error normalizing payload: type object 'datetime.datetime' has no attribute 'datetime'
2026-09-25 08:54:51,809 - DataIngestion - WARNING - Error normalizing payload: type object 'datetime.datetime' has no attribute 'datetime'
2026-09-25 08:54:52,450 - DataIngestion - WARNING - Error normalizing payload: type object 'datetime.datetime' has no attribute 'datetime'
2026-09-25 08:54:52,799 - DataIngestion - WARNING - Error normalizing payload: type object 'datetime.datetime' has no attribute 'datetime'
2026-09-25 08:54:53,142 - DataIngestion - WARNING - Error normalizing payload: type object 'datetime.datetime' has no attribute 'datetime'
2026-09-25 08:54:54,449 - DataIngestion - WARNING - Error normalizing payload: type object 'datetime.datetime' has no attribute 'datetime'
2026-09-25 08:54:54,468 - DataIngestion - WARNING - Error normalizing payload: type object 'datetime.datetime' has no attribute 'datetime'
2026-09-25 08:54:54,498 - DataIngestion - WARNING - Error normalizing payload: type object 'datetime.datetime' has no attribute 'datetime'
2026-09-25 08:54:55,530 - DataIngestion - WARNING - Error normalizing payload: type object 'datetime.datetime' has no attribute 'datetime'
2026-09-25 08:54:56,186 - DataIngestion - WARNING - Error normalizing payload: type object 'datetime.datetime' has no attribute 'datetime'
2026-09-25 08:54:56,314 - DataIngestion - WARNING - Error normalizing payload: type object 'datetime.datetime' has no attribute 'datetime'
2026-09-25 08:54:56,510 - DataIngestion - WARNING - Error normalizing payload: type object 'datetime.datetime' has no attribute 'datetime'
2026-09-25 08:54:56,511 - DataIngestion - WARNING - Error normalizing payload: type object 'datetime.datetime' has no attribute 'datetime'
2026-09-25 08:55:00,043 - DataIngestion - WARNING - Error normalizing payload: type object 'datetime.datetime' has no attribute 'datetime'
2026-09-25 08:55:00,284 - DataIngestion - WARNING - Error normalizing payload: type object 'datetime.datetime' has no attribute 'datetime'
2026-09-25 08:55:00,287 - DataIngestion - WARNING - Error normalizing payload: type object 'datetime.datetime' has no attribute 'datetime'
2026-09-25 08:55:01,237 - DataIngestion - WARNING - Error normalizing payload: type object 'datetime.datetime' has no attribute 'datetime'
2026-09-25 08:55:01,237 - DataIngestion - WARNING - Error normalizing payload: type object 'datetime.datetime' has no attribute 'datetime'
2026-09-25 08:55:03,055 - DataIngestion - WARNING - Error normalizing payload: type object 'datetime.datetime' has no attribute 'datetime'
2026-09-25 08:55:03,060 - DataIngestion - WARNING - Error normalizing payload: type object 'datetime.datetime' has no attribute 'datetime'
2026-09-25 08:55:04,031 - DataIngestion - WARNING - Error normalizing payload: type object 'datetime.datetime' has no attribute 'datetime'
2026-09-25 08:55:05,962 - DataIngestion - WARNING - Error normalizing payload: type object 'datetime.datetime' has no attribute 'datetime'
2026-09-25 08:55:07,700 - DataIngestion - WARNING - Error normalizing payload: type object 'datetime.datetime' has no attribute 'datetime'
2026-09-25 08:55:09,078 - DataIngestion - WARNING - Error normalizing payload: type object 'datetime.datetime' has no attribute 'datetime'
2026-09-25 08:55:10,005 - DataIngestion - WARNING - Error normalizing payload: type object 'datetime.datetime' has no attribute 'datetime'
2026-09-25 08:55:10,921 - DataIngestion - WARNING - Error normalizing payload: type object 'datetime.datetime' has no attribute 'datetime'
2026-09-25 08:55:10,923 - DataIngestion - WARNING - Error normalizing payload: type object 'datetime.datetime' has no attribute 'datetime'
2026-09-25 08:55:11,786 - DataIngestion - WARNING - Error normalizing payload: type object 'datetime.datetime' has no attribute 'datetime'
2026-09-25 08:55:11,936 - DataIngestion - WARNING - Error normalizing payload: type object 'datetime.datetime' has no attribute 'datetime'
2026-09-25 08:55:12,493 - DataIngestion - WARNING - Error normalizing payload: type object 'datetime.datetime' has no attribute 'datetime'
2026-09-25 08:55:13,352 - DataIngestion - WARNING - Error normalizing payload: type object 'datetime.datetime' has no attribute 'datetime'
2026-09-25 08:55:13,442 - DataIngestion - WARNING - Error normalizing payload: type object 'datetime.datetime' has no attribute 'datetime'
2026-09-25 08:55:13,528 - DataIngestion - WARNING - Error normalizing payload: type object 'datetime.datetime' has no attribute 'datetime'
2026-09-25 08:55:13,841 - DataIngestion - WARNING - Error normalizing payload: type object 'datetime.datetime' has no attribute 'datetime'
2026-09-25 08:55:13,895 - DataIngestion - WARNING - Error normalizing payload: type object 'datetime.datetime' has no attribute 'datetime'
2026-09-25 08:55:14,721 - DataIngestion - WARNING - Error normalizing payload: type object 'datetime.datetime' has no attribute 'datetime'
2026-09-25 08:55:14,722 - DataIngestion - WARNING - Error normalizing payload: type object 'datetime.datetime' has no attribute 'datetime'
2026-09-25 08:55:17,365 - DataIngestion - WARNING - Error normalizing payload: type object 'datetime.datetime' has no attribute 'datetime'
2026-09-25 08:55:17,368 - DataIngestion - WARNING - Error normalizing payload: type object 'datetime.datetime' has no attribute 'datetime'
2026-09-25 08:55:17,368 - DataIngestion - WARNING - Error normalizing payload: type object 'datetime.datetime' has no attribute 'datetime'
2026-09-25 08:55:17,945 - DataIngestion - WARNING - Error normalizing payload: type object 'datetime.datetime' has no attribute 'datetime'
2026-09-25 08:55:17,965 - DataIngestion - WARNING - Error normalizing payload: type object 'datetime.datetime' has no attribute 'datetime'
2026-09-25 08:55:18,773 - DataIngestion - WARNING - Error normalizing payload: type object 'datetime.datetime' has no attribute 'datetime'
2026-09-25 08:55:18,774 - DataIngestion - WARNING - Error normalizing payload: type object 'datetime.datetime' has no attribute 'datetime'
2026-09-25 08:55:18,774 - DataIngestion - WARNING - Error normalizing payload: type object 'datetime.datetime' has no attribute 'datetime'
2026-09-25 08:55:18,779 - DataIngestion - WARNING - Error normalizing payload: type object 'datetime.datetime' has no attribute 'datetime'
2026-09-25 08:55:18,782 - DataIngestion - WARNING - Error normalizing payload: type object 'datetime.datetime' has no attribute 'datetime'
2026-09-25 08:55:18,783 - DataIngestion - WARNING - Error normalizing payload: type object 'datetime.datetime' has no attribute 'datetime'
2026-09-25 08:55:24,832 - DataIngestion - WARNING - Error normalizing payload: type object 'datetime.datetime' has no attribute 'datetime'
2026-09-25 08:55:24,832 - DataIngestion - WARNING - Error normalizing payload: type object 'datetime.datetime' has no attribute 'datetime'
2026-09-25 08:55:24,832 - DataIngestion - WARNING - Error normalizing payload: type object 'datetime.datetime' has no attribute 'datetime'
2026-09-25 08:55:25,057 - DataIngestion - WARNING - Error normalizing payload: type object 'datetime.datetime' has no attribute 'datetime'
2026-09-25 08:55:25,530 - DataIngestion - INFO - Received signal 15, initiating graceful shutdown...
2026-09-25 08:55:25,530 - WebServer - INFO - Web server shutdown requested.
2026-09-25 08:55:25,705 - DataIngestion - INFO - Stopping stream processor...
2026-09-25 08:55:27,715 - DataIngestion - INFO - Alpaca Stream Processor stopped.
2026-09-25 08:55:27,716 - DataIngestion - INFO - Worker command sent, waiting for DB writer...
2026-09-25 08:55:27,716 - DataIngestion - INFO - Worker finished.
Configuration validated successfully.
Configuration validated successfully.
